This is XeTeX, Version 3.141592653-2.6-0.999997 (MiKTeX 25.12) (preloaded format=xelatex 2026.6.19)  30 JUN 2026 15:41
entering extended mode
 restricted \write18 enabled.
 %&-line parsing enabled.
**./DoAn.tex
(DoAn.tex
LaTeX2e <2025-11-01>
L3 programming layer <2025-12-24>
(C:\Users\LENOVO\AppData\Local\Programs\MiKTeX\tex/latex/base\report.cls
Document Class: report 2025/01/22 v1.4n Standard LaTeX document class
(C:\Users\LENOVO\AppData\Local\Programs\MiKTeX\tex/latex/base\size10.clo
File: size10.clo 2025/01/22 v1.4n Standard LaTeX file (size option)
)
\c@part=\count271
\c@chapter=\count272
\c@section=\count273
\c@subsection=\count274
\c@subsubsection=\count275
\c@paragraph=\count276
\c@subparagraph=\count277
\c@figure=\count278
\c@table=\count279
\abovecaptionskip=\skip49
\belowcaptionskip=\skip50
\bibindent=\dimen148
)
(C:\Users\LENOVO\AppData\Local\Programs\MiKTeX\tex/latex/koma-script\scrextend.
sty
Package: scrextend 2026/02/02 v3.49.2 KOMA-Script package (extend other classes
 with features of KOMA-Script classes)

(C:\Users\LENOVO\AppData\Local\Programs\MiKTeX\tex/latex/koma-script\scrkbase.s
ty
Package: scrkbase 2026/02/02 v3.49.2 KOMA-Script package (KOMA-Script-dependent
 basics and keyval usage)

(C:\Users\LENOVO\AppData\Local\Programs\MiKTeX\tex/latex/koma-script\scrbase.st
y
Package: scrbase 2026/02/02 v3.49.2 KOMA-Script package (KOMA-Script-independen
t basics and keyval usage)

(C:\Users\LENOVO\AppData\Local\Programs\MiKTeX\tex/latex/koma-script\scrlfile.s
ty
Package: scrlfile 2026/02/02 v3.49.2 KOMA-Script package (file load hooks)

(C:\Users\LENOVO\AppData\Local\Programs\MiKTeX\tex/latex/koma-script\scrlfile-h
ook.sty
Package: scrlfile-hook 2026/02/02 v3.49.2 KOMA-Script package (using LaTeX hook
s)

(C:\Users\LENOVO\AppData\Local\Programs\MiKTeX\tex/latex/koma-script\scrlogo.st
y
Package: scrlogo 2026/02/02 v3.49.2 KOMA-Script package (logo)
)))
(C:\Users\LENOVO\AppData\Local\Programs\MiKTeX\tex/latex/graphics\keyval.sty
Package: keyval 2022/05/29 v1.15 key=value parser (DPC)
\KV@toks@=\toks17
)
Applying: [2021/05/01] Usage of raw or classic option list on input line 254.
Already applied: [0000/00/00] Usage of raw or classic option list on input line
 370.
)))
(C:\Users\LENOVO\AppData\Local\Programs\MiKTeX\tex/latex/fontspec\fontspec.sty
(C:\Users\LENOVO\AppData\Local\Programs\MiKTeX\tex/latex/l3packages/xparse\xpar
se.sty
(C:\Users\LENOVO\AppData\Local\Programs\MiKTeX\tex/latex/l3kernel\expl3.sty
Package: expl3 2025-12-24 L3 programming layer (loader) 

(C:\Users\LENOVO\AppData\Local\Programs\MiKTeX\tex/latex/l3backend\l3backend-xe
tex.def
File: l3backend-xetex.def 2025-10-09 L3 backend support: XeTeX
\g__graphics_track_int=\count280
\g__pdfannot_backend_int=\count281
\g__pdfannot_backend_link_int=\count282
))
Package: xparse 2025-10-09 L3 Experimental document command parser
)
Package: fontspec 2025/09/29 v2.9g Font selection for XeLaTeX and LuaLaTeX

(C:\Users\LENOVO\AppData\Local\Programs\MiKTeX\tex/latex/fontspec\fontspec-xete
x.sty
Package: fontspec-xetex 2025/09/29 v2.9g Font selection for XeLaTeX and LuaLaTe
X
\l__fontspec_script_int=\count283
\l__fontspec_language_int=\count284
\l__fontspec_strnum_int=\count285
\l__fontspec_tmp_int=\count286
\l__fontspec_tmpa_int=\count287
\l__fontspec_tmpb_int=\count288
\l__fontspec_tmpc_int=\count289
\l__fontspec_em_int=\count290
\l__fontspec_emdef_int=\count291
\l__fontspec_strong_int=\count292
\l__fontspec_strongdef_int=\count293
\l__fontspec_tmpa_dim=\dimen149
\l__fontspec_tmpb_dim=\dimen150
\l__fontspec_tmpc_dim=\dimen151
 (C:\Users\LENOVO\AppData\Local\Programs\MiKTeX\tex/latex/base\fontenc.sty
Package: fontenc 2025/07/18 v2.1d Standard LaTeX package
)
(C:\Users\LENOVO\AppData\Local\Programs\MiKTeX\tex/latex/fontspec\fontspec.cfg)
))

Package fontspec Info: 
(fontspec)             Font family 'TimesNewRoman(0)' created for font 'Times
(fontspec)             New Roman' with options [Ligatures=TeX].
(fontspec)              
(fontspec)              This font family consists of the following NFSS
(fontspec)             series/shapes:
(fontspec)              
(fontspec)             - 'normal' (m/n) with NFSS spec.: <->"Times New
(fontspec)             Roman/OT:script=latn;language=dflt;mapping=tex-text;"
(fontspec)             - 'small caps'  (m/sc) with NFSS spec.: <->"Times New
(fontspec)             Roman/OT:script=latn;language=dflt;+smcp;mapping=tex-tex
t;"
(fontspec)             - 'bold' (b/n) with NFSS spec.: <->"Times New
(fontspec)             Roman/B/OT:script=latn;language=dflt;mapping=tex-text;"
(fontspec)             - 'bold small caps'  (b/sc) with NFSS spec.: <->"Times
(fontspec)             New
(fontspec)             Roman/B/OT:script=latn;language=dflt;+smcp;mapping=tex-t
ext;"
(fontspec)             - 'italic' (m/it) with NFSS spec.: <->"Times New
(fontspec)             Roman/I/OT:script=latn;language=dflt;mapping=tex-text;"
(fontspec)             - 'italic small caps'  (m/scit) with NFSS spec.:
(fontspec)             <->"Times New
(fontspec)             Roman/I/OT:script=latn;language=dflt;+smcp;mapping=tex-t
ext;"
(fontspec)             - 'bold italic' (b/it) with NFSS spec.: <->"Times New
(fontspec)             Roman/BI/OT:script=latn;language=dflt;mapping=tex-text;"

(fontspec)             - 'bold italic small caps'  (b/scit) with NFSS spec.:
(fontspec)             <->"Times New
(fontspec)             Roman/BI/OT:script=latn;language=dflt;+smcp;mapping=tex-
text;"


(C:\Users\LENOVO\AppData\Local\Programs\MiKTeX\tex/latex/geometry\geometry.sty
Package: geometry 2026/03/07 v6.0 Page Geometry

(C:\Users\LENOVO\AppData\Local\Programs\MiKTeX\tex/generic/iftex\ifvtex.sty
Package: ifvtex 2019/10/25 v1.7 ifvtex legacy package. Use iftex instead.

(C:\Users\LENOVO\AppData\Local\Programs\MiKTeX\tex/generic/iftex\iftex.sty
Package: iftex 2024/12/12 v1.0g TeX engine tests
))
\Gm@cnth=\count294
\Gm@cntv=\count295
\c@Gm@tempcnt=\count296
\Gm@bindingoffset=\dimen152
\Gm@wd@mp=\dimen153
\Gm@odd@mp=\dimen154
\Gm@even@mp=\dimen155
\Gm@layoutwidth=\dimen156
\Gm@layoutheight=\dimen157
\Gm@layouthoffset=\dimen158
\Gm@layoutvoffset=\dimen159
\Gm@dimlist=\toks18

(C:\Users\LENOVO\AppData\Local\Programs\MiKTeX\tex/latex/geometry\geometry.cfg)
)
(C:\Users\LENOVO\AppData\Local\Programs\MiKTeX\tex/latex/graphics\graphicx.sty
Package: graphicx 2024/12/31 v1.2e Enhanced LaTeX Graphics (DPC,SPQR)

(C:\Users\LENOVO\AppData\Local\Programs\MiKTeX\tex/latex/graphics\graphics.sty
Package: graphics 2024/08/06 v1.4g Standard LaTeX Graphics (DPC,SPQR)

(C:\Users\LENOVO\AppData\Local\Programs\MiKTeX\tex/latex/graphics\trig.sty
Package: trig 2023/12/02 v1.11 sin cos tan (DPC)
)
(C:\Users\LENOVO\AppData\Local\Programs\MiKTeX\tex/latex/graphics-cfg\graphics.
cfg
File: graphics.cfg 2016/06/04 v1.11 sample graphics configuration
)
Package graphics Info: Driver file: xetex.def on input line 106.

(C:\Users\LENOVO\AppData\Local\Programs\MiKTeX\tex/latex/graphics-def\xetex.def
File: xetex.def 2025/11/01 v5.0p Graphics/color driver for xetex
))
\Gin@req@height=\dimen160
\Gin@req@width=\dimen161
)
(C:\Users\LENOVO\AppData\Local\Programs\MiKTeX\tex/latex/fancybox\fancybox.sty
Package: fancybox 2010/05/15 1.4

Style option: `fancybox' v1.4 <2010/05/15> (tvz)
\@fancybox=\box53
\shadowsize=\dimen162
\@Sbox=\box54
\do@VerbBox=\toks19
\the@fancyput=\toks20
\this@fancyput=\toks21
\EndVerbatimTokens=\toks22
\Verbatim@Outfile=\write3
\Verbatim@Infile=\read2
)
(C:\Users\LENOVO\AppData\Local\Programs\MiKTeX\tex/latex/tools\indentfirst.sty
Package: indentfirst 2023/07/02 v1.03 Indent first paragraph (DPC)
) (C:\Users\LENOVO\AppData\Local\Programs\MiKTeX\tex/latex/amscls\amsthm.sty
Package: amsthm 2020/05/29 v2.20.6
\thm@style=\toks23
\thm@bodyfont=\toks24
\thm@headfont=\toks25
\thm@notefont=\toks26
\thm@headpunct=\toks27
\thm@preskip=\skip51
\thm@postskip=\skip52
\thm@headsep=\skip53
\dth@everypar=\toks28
)
(C:\Users\LENOVO\AppData\Local\Programs\MiKTeX\tex/latex/base\latexsym.sty
Package: latexsym 1998/08/17 v2.2e Standard LaTeX package (lasy symbols)
\symlasy=\mathgroup4
LaTeX Font Info:    Overwriting symbol font `lasy' in version `bold'
(Font)                  U/lasy/m/n --> U/lasy/b/n on input line 52.
)
(C:\Users\LENOVO\AppData\Local\Programs\MiKTeX\tex/latex/amsmath\amsmath.sty
Package: amsmath 2025/07/09 v2.17z AMS math features
\@mathmargin=\skip54

For additional information on amsmath, use the `?' option.
(C:\Users\LENOVO\AppData\Local\Programs\MiKTeX\tex/latex/amsmath\amstext.sty
Package: amstext 2024/11/17 v2.01 AMS text

(C:\Users\LENOVO\AppData\Local\Programs\MiKTeX\tex/latex/amsmath\amsgen.sty
File: amsgen.sty 1999/11/30 v2.0 generic functions
\@emptytoks=\toks29
\ex@=\dimen163
))
(C:\Users\LENOVO\AppData\Local\Programs\MiKTeX\tex/latex/amsmath\amsbsy.sty
Package: amsbsy 1999/11/29 v1.2d Bold Symbols
\pmbraise@=\dimen164
)
(C:\Users\LENOVO\AppData\Local\Programs\MiKTeX\tex/latex/amsmath\amsopn.sty
Package: amsopn 2022/04/08 v2.04 operator names
)
\inf@bad=\count297
LaTeX Info: Redefining \frac on input line 233.
\uproot@=\count298
\leftroot@=\count299
LaTeX Info: Redefining \overline on input line 398.
LaTeX Info: Redefining \colon on input line 409.
\classnum@=\count300
\DOTSCASE@=\count301
LaTeX Info: Redefining \ldots on input line 495.
LaTeX Info: Redefining \dots on input line 498.
LaTeX Info: Redefining \cdots on input line 619.
\Mathstrutbox@=\box55
\strutbox@=\box56
LaTeX Info: Redefining \big on input line 721.
LaTeX Info: Redefining \Big on input line 722.
LaTeX Info: Redefining \bigg on input line 723.
LaTeX Info: Redefining \Bigg on input line 724.
\big@size=\dimen165
LaTeX Font Info:    Redeclaring font encoding OML on input line 742.
LaTeX Font Info:    Redeclaring font encoding OMS on input line 743.
\macc@depth=\count302
LaTeX Info: Redefining \bmod on input line 904.
LaTeX Info: Redefining \pmod on input line 909.
LaTeX Info: Redefining \smash on input line 939.
LaTeX Info: Redefining \relbar on input line 969.
LaTeX Info: Redefining \Relbar on input line 970.
\c@MaxMatrixCols=\count303
\dotsspace@=\muskip17
\c@parentequation=\count304
\dspbrk@lvl=\count305
\tag@help=\toks30
\row@=\count306
\column@=\count307
\maxfields@=\count308
\andhelp@=\toks31
\eqnshift@=\dimen166
\alignsep@=\dimen167
\tagshift@=\dimen168
\tagwidth@=\dimen169
\totwidth@=\dimen170
\lineht@=\dimen171
\@envbody=\toks32
\multlinegap=\skip55
\multlinetaggap=\skip56
\mathdisplay@stack=\toks33
LaTeX Info: Redefining \[ on input line 2950.
LaTeX Info: Redefining \] on input line 2951.
)
(C:\Users\LENOVO\AppData\Local\Programs\MiKTeX\tex/latex/amsfonts\amssymb.sty
Package: amssymb 2013/01/14 v3.01 AMS font symbols

(C:\Users\LENOVO\AppData\Local\Programs\MiKTeX\tex/latex/amsfonts\amsfonts.sty
Package: amsfonts 2013/01/14 v3.01 Basic AMSFonts support
\symAMSa=\mathgroup5
\symAMSb=\mathgroup6
LaTeX Font Info:    Redeclaring math symbol \hbar on input line 98.
LaTeX Font Info:    Overwriting math alphabet `\mathfrak' in version `bold'
(Font)                  U/euf/m/n --> U/euf/b/n on input line 106.
)) (C:\Users\LENOVO\AppData\Local\Programs\MiKTeX\tex/latex/tools\array.sty
Package: array 2025/09/25 v2.6n Tabular extension package (FMi)
\col@sep=\dimen172
\ar@mcellbox=\box57
\extrarowheight=\dimen173
\NC@list=\toks34
\extratabsurround=\skip57
\backup@length=\skip58
\ar@cellbox=\box58
)
(C:\Users\LENOVO\AppData\Local\Programs\MiKTeX\tex/latex/enumitem\enumitem.sty
Package: enumitem 2025/02/06 v3.11 Customized lists
\labelindent=\skip59
\enit@outerparindent=\dimen174
\enit@toks=\toks35
\enit@inbox=\box59
\enit@count@id=\count309
\enitdp@description=\count310
) (C:\Users\LENOVO\AppData\Local\Programs\MiKTeX\tex/latex/subfiles\subfiles.st
y
Package: subfiles 2020/11/14 v2.2 Multi-file projects (package)
(C:\Users\LENOVO\AppData\Local\Programs\MiKTeX\tex/latex/import\import.sty
Package: import 2020/04/01  v 6.2
))
(C:\Users\LENOVO\AppData\Local\Programs\MiKTeX\tex/latex/titlesec\titlesec.sty
Package: titlesec 2025/01/04 v2.17 Sectioning titles
\ttl@box=\box60
\beforetitleunit=\skip60
\aftertitleunit=\skip61
\ttl@plus=\dimen175
\ttl@minus=\dimen176
\ttl@toksa=\toks36
\titlewidth=\dimen177
\titlewidthlast=\dimen178
\titlewidthfirst=\dimen179
) (C:\Users\LENOVO\AppData\Local\Programs\MiKTeX\tex/latex/titlesec\titletoc.st
y
Package: titletoc 2025/01/04 v2.17 TOC entries
\ttl@leftsep=\dimen180
)
(C:\Users\LENOVO\AppData\Local\Programs\MiKTeX\tex/latex/chngcntr\chngcntr.sty
Package: chngcntr 2018/04/09 v1.1a change counter resetting
Package chngcntr Info: \counterwithout already defined.
(chngcntr)             Quitting chngcntr on input line 21.
)
(C:\Users\LENOVO\AppData\Local\Programs\MiKTeX\tex/latex/pdflscape\pdflscape.st
y
Package: pdflscape 2022-10-27 v0.13 Display of landscape pages in PDF

(C:\Users\LENOVO\AppData\Local\Programs\MiKTeX\tex/latex/pdflscape\pdflscape-no
metadata.sty
Package: pdflscape-nometadata 2022-10-28 v0.13 Display of landscape pages in PD
F (HO)

(C:\Users\LENOVO\AppData\Local\Programs\MiKTeX\tex/latex/graphics\lscape.sty
Package: lscape 2020/05/28 v3.02 Landscape Pages (DPC)
)
Package pdflscape Info: Auto-detected driver: dvipdfm (xetex) on input line 98.

)) (C:\Users\LENOVO\AppData\Local\Programs\MiKTeX\tex/latex/tools\afterpage.sty
Package: afterpage 2023/07/04 v1.08 After-Page Package (DPC)
\AP@output=\toks37
\AP@partial=\box61
\AP@footins=\box62
)
(C:\Users\LENOVO\AppData\Local\Programs\MiKTeX\tex/latex/algorithm2e\algorithm2
e.sty
Invalid UTF-8 byte or sequence at line 284 replaced by U+FFFD.
Invalid UTF-8 byte or sequence at line 299 replaced by U+FFFD.
Invalid UTF-8 byte or sequence at line 550 replaced by U+FFFD.
Package: algorithm2e 2017/07/18 v5.2 algorithms environments
\c@AlgoLine=\count311
 (C:\Users\LENOVO\AppData\Local\Programs\MiKTeX\tex/latex/base\ifthen.sty
Package: ifthen 2024/03/16 v1.1e Standard LaTeX ifthen package (DPC)
)
\algocf@hangindent=\skip62

(C:\Users\LENOVO\AppData\Local\Programs\MiKTeX\tex/latex/ifoddpage\ifoddpage.st
y
Package: ifoddpage 2022/10/18 v1.2 Conditionals for odd/even page detection
\c@checkoddpage=\count312
) (C:\Users\LENOVO\AppData\Local\Programs\MiKTeX\tex/latex/tools\xspace.sty
Package: xspace 2014/10/28 v1.13 Space after command names (DPC,MH)
)
(C:\Users\LENOVO\AppData\Local\Programs\MiKTeX\tex/latex/relsize\relsize.sty
Package: relsize 2013/03/29 ver 4.1
)
\skiptotal=\skip63
\skiplinenumber=\skip64
\skiprule=\skip65
\skiphlne=\skip66
\skiptext=\skip67
\skiplength=\skip68
\algomargin=\skip69
\skipalgocfslide=\skip70
\algowidth=\dimen181
\inoutsize=\dimen182
\inoutindent=\dimen183
\interspacetitleruled=\dimen184
\interspacealgoruled=\dimen185
\interspacetitleboxruled=\dimen186
\algocf@ruledwidth=\skip71
\algocf@inoutbox=\box63
\algocf@inputbox=\box64
\AlCapSkip=\skip72
\AlCapHSkip=\skip73
\algoskipindent=\skip74
\algocf@nlbox=\box65
\algocf@hangingbox=\box66
\algocf@untilbox=\box67
\algocf@skipuntil=\skip75
\algocf@capbox=\box68
\algocf@lcaptionbox=\skip76
\algoheightruledefault=\skip77
\algoheightrule=\skip78
\algotitleheightruledefault=\skip79
\algotitleheightrule=\skip80
\c@algocfline=\count313
\c@algocfproc=\count314
\c@algocf=\count315
\algocf@algoframe=\box69
\algocf@algobox=\box70
)
(C:\Users\LENOVO\AppData\Local\Programs\MiKTeX\tex/latex/capt-of\capt-of.sty
Package: capt-of 2009/12/29 v0.2 standard captions outside of floats
)
(C:\Users\LENOVO\AppData\Local\Programs\MiKTeX\tex/latex/multirow\multirow.sty
Package: multirow 2024/11/12 v2.9 Span multiple rows of a table
\multirow@colwidth=\skip81
\multirow@cntb=\count316
\multirow@dima=\skip82
\bigstrutjot=\dimen187
) (C:\Users\LENOVO\AppData\Local\Programs\MiKTeX\tex/latex/tools\longtable.sty
Package: longtable 2025-10-13 v4.24 Multi-page Table package (DPC)
\LTleft=\skip83
\LTright=\skip84
\LTpre=\skip85
\LTpost=\skip86
\LTchunksize=\count317
\LTcapwidth=\dimen188
\LT@head=\box71
\LT@firsthead=\box72
\LT@foot=\box73
\LT@lastfoot=\box74
\LT@gbox=\box75
\LT@cols=\count318
\LT@rows=\count319
\c@LT@tables=\count320
\c@LT@chunks=\count321
\LT@p@ftn=\toks38
)
(C:\Users\LENOVO\AppData\Local\Programs\MiKTeX\tex/latex/fancyhdr\fancyhdr.sty
Package: fancyhdr 2025/02/07 v5.2 Extensive control of page headers and footers

\f@nch@headwidth=\skip87
\f@nch@offset@elh=\skip88
\f@nch@offset@erh=\skip89
\f@nch@offset@olh=\skip90
\f@nch@offset@orh=\skip91
\f@nch@offset@elf=\skip92
\f@nch@offset@erf=\skip93
\f@nch@offset@olf=\skip94
\f@nch@offset@orf=\skip95
\f@nch@height=\skip96
\f@nch@footalignment=\skip97
\f@nch@widthL=\skip98
\f@nch@widthC=\skip99
\f@nch@widthR=\skip100
\@temptokenb=\toks39
) (C:\Users\LENOVO\AppData\Local\Programs\MiKTeX\tex/latex/appendix\appendix.st
y
Package: appendix 2020/02/08 v1.2c extra appendix facilities
\c@@pps=\count322
\c@@ppsavesec=\count323
\c@@ppsaveapp=\count324
) (C:\Users\LENOVO\AppData\Local\Programs\MiKTeX\tex/latex/caption\caption.sty
Package: caption 2023/08/05 v3.6o Customizing captions (AR)

(C:\Users\LENOVO\AppData\Local\Programs\MiKTeX\tex/latex/caption\caption3.sty
Package: caption3 2023/07/31 v2.4d caption3 kernel (AR)
\caption@tempdima=\dimen189
\captionmargin=\dimen190
\caption@leftmargin=\dimen191
\caption@rightmargin=\dimen192
\caption@width=\dimen193
\caption@indent=\dimen194
\caption@parindent=\dimen195
\caption@hangindent=\dimen196
Package caption Info: Standard document class detected.
)
\c@caption@flags=\count325
\c@continuedfloat=\count326
Package caption Info: longtable package is loaded.

(C:\Users\LENOVO\AppData\Local\Programs\MiKTeX\tex/latex/caption\ltcaption.sty
Package: ltcaption 2021/01/08 v1.4c longtable captions (AR)
)
Package caption Info: scrextend package is loaded.
\caption@addmargin@hsize=\dimen197
\caption@addmargin@linewidth=\dimen198
)
(C:\Users\LENOVO\AppData\Local\Programs\MiKTeX\tex/latex/listings\listings.sty
\lst@mode=\count327
\lst@gtempboxa=\box76
\lst@token=\toks40
\lst@length=\count328
\lst@currlwidth=\dimen199
\lst@column=\count329
\lst@pos=\count330
\lst@lostspace=\dimen256
\lst@width=\dimen257
\lst@newlines=\count331
\lst@lineno=\count332
\lst@maxwidth=\dimen258

(C:\Users\LENOVO\AppData\Local\Programs\MiKTeX\tex/latex/listings\lstpatch.sty
File: lstpatch.sty 2025/11/14 1.11b (Carsten Heinz)
) (C:\Users\LENOVO\AppData\Local\Programs\MiKTeX\tex/latex/listings\lstmisc.sty
File: lstmisc.sty 2025/11/14 1.11b (Carsten Heinz)
\c@lstnumber=\count333
\lst@skipnumbers=\count334
\lst@framebox=\box77
) (C:\Users\LENOVO\AppData\Local\Programs\MiKTeX\tex/latex/listings\listings.cf
g
File: listings.cfg 2025/11/14 1.11b listings configuration
))
Package: listings 2025/11/14 1.11b (Carsten Heinz)

==> First Aid for listings.sty no longer applied!
    Expected:
        2024/09/23 1.10c (Carsten Heinz)
    but found:
        2025/11/14 1.11b (Carsten Heinz)
    so I'm assuming it got fixed.
(C:\Users\LENOVO\AppData\Local\Programs\MiKTeX\tex/latex/float\float.sty
Package: float 2001/11/08 v1.3d Float enhancements (AL)
\c@float@type=\count335
\float@exts=\toks41
\float@box=\box78
\@float@everytoks=\toks42
\@floatcapt=\box79
)
(C:\Users\LENOVO\AppData\Local\Programs\MiKTeX\tex/latex/caption\subcaption.sty
Package: subcaption 2023/07/28 v1.6b Sub-captions (AR)
Package caption Info: New subtype `subfigure' on input line 238.
\c@subfigure=\count336
Package caption Info: New subtype `subtable' on input line 238.
\c@subtable=\count337
) (C:\Users\LENOVO\AppData\Local\Programs\MiKTeX\tex/latex/xurl\xurl.sty
Package: xurl 2022/01/09 v 0.10 modify URL breaks

(C:\Users\LENOVO\AppData\Local\Programs\MiKTeX\tex/latex/url\url.sty
\Urlmuskip=\muskip18
Package: url 2013/09/16  ver 3.4  Verb mode for urls, etc.
))
(C:\Users\LENOVO\AppData\Local\Programs\MiKTeX\tex/latex/glossaries/base\glossa
ries.sty
Package: glossaries 2026/04/21 v5.1 (NLCT)

(C:\Users\LENOVO\AppData\Local\Programs\MiKTeX\tex/latex/xkeyval\xkeyval.sty
Package: xkeyval 2022/06/16 v2.9 package option processing (HA)

(C:\Users\LENOVO\AppData\Local\Programs\MiKTeX\tex/generic/xkeyval\xkeyval.tex
(C:\Users\LENOVO\AppData\Local\Programs\MiKTeX\tex/generic/xkeyval\xkvutils.tex
\XKV@toks=\toks43
\XKV@tempa@toks=\toks44
)
\XKV@depth=\count338
File: xkeyval.tex 2014/12/03 v2.7a key=value parser (HA)
))
(C:\Users\LENOVO\AppData\Local\Programs\MiKTeX\tex/latex/mfirstuc\mfirstuc.sty
Package: mfirstuc 2025/04/03 v2.09 (NLCT)

(C:\Users\LENOVO\AppData\Local\Programs\MiKTeX\tex/latex/etoolbox\etoolbox.sty
Package: etoolbox 2025/10/02 v2.5m e-TeX tools for LaTeX (JAW)
\etb@tempcnta=\count339
)
\@glsmfirst=\toks45
\@glsmrest=\toks46
) (C:\Users\LENOVO\AppData\Local\Programs\MiKTeX\tex/latex/xfor\xfor.sty
Package: xfor 2009/02/05 v1.05 (NLCT)
)
(C:\Users\LENOVO\AppData\Local\Programs\MiKTeX\tex/latex/datatool\datatool-base
.sty
Package: datatool-base 2025/12/04 v3.4.3 (NLCT)

(C:\Users\LENOVO\AppData\Local\Programs\MiKTeX\tex/latex/tracklang\tracklang.st
y
Package: tracklang 2026/05/24 v1.6.8 (NLCT) Track Languages

(C:\Users\LENOVO\AppData\Local\Programs\MiKTeX\tex/generic/tracklang\tracklang.
tex))
\l__datatool_tmpa_int=\count340
\l__datatool_tmpb_int=\count341
\l__datatool_tmpc_int=\count342
\l__datatool_tmpd_int=\count343
\l__datatool_count_int=\count344
\l__datatool_tmp_datatype_int=\count345
\l__datatool_tmpa_dim=\dimen259
\l__datatool_tmpb_dim=\dimen260

(C:\Users\LENOVO\AppData\Local\Programs\MiKTeX\tex/latex/datatool\datatool-l3fp
.def
File: datatool-l3fp.def 2025/12/04 v3.4.3 (NLCT)
)
\@dtl@toks=\toks47
\@dtl@tmpcount=\count346
\dtl@tmplength=\skip101
\l__datatool_measure_box=\box80
\dtl@sortresult=\count347

(C:\Users\LENOVO\AppData\Local\Programs\MiKTeX\tex/latex/datatool\datatool-utf8
.ldf
File: datatool-utf8.ldf 2025/12/04 v3.4.3 (NLCT)
)
\@dtl@datatype=\count348
\c_datatool_unknown_int=\count349
\l__datatool_year_int=\count350
\l__datatool_month_int=\count351
\l__datatool_day_int=\count352
\l__datatool_hour_int=\count353
\l__datatool_minute_int=\count354
\l__datatool_second_int=\count355
\l__datatool_tzhour_int=\count356
\l__datatool_tzminute_int=\count357
\l__datatool_julian_int=\count358
\l__datatool_local_julian_int=\count359
\l__datatool_prefix_int=\count360
\l__datatool_suffix_int=\count361
\@dtl@foreach@level=\count362
\dtl@codeA=\count363
\dtl@codeB=\count364
)
\gls@level=\count365
\@gls@tmpb=\toks48
\gls@tmplen=\skip102
\l__glossaries_tmpa_dim=\dimen261
\l__glossaries_tmpb_dim=\dimen262
\glskeylisttok=\toks49
\glslabeltok=\toks50
\glsshorttok=\toks51
\glslongtok=\toks52

(C:\Users\LENOVO\AppData\Local\Programs\MiKTeX\tex/latex/glossaries/styles\glos
sary-hypernav.sty
Package: glossary-hypernav 2026/04/21 v5.1 (NLCT)
)
(C:\Users\LENOVO\AppData\Local\Programs\MiKTeX\tex/latex/glossaries/styles\glos
sary-list.sty
Package: glossary-list 2026/04/21 v5.1 (NLCT)
\glslistdottedwidth=\skip103
)
(C:\Users\LENOVO\AppData\Local\Programs\MiKTeX\tex/latex/glossaries/styles\glos
sary-long.sty
Package: glossary-long 2026/04/21 v5.1 (NLCT)
\glsdescwidth=\skip104
\glspagelistwidth=\skip105
)
(C:\Users\LENOVO\AppData\Local\Programs\MiKTeX\tex/latex/glossaries/styles\glos
sary-super.sty
Package: glossary-super 2026/04/21 v5.1 (NLCT)

(C:\Users\LENOVO\AppData\Local\Programs\MiKTeX\tex/latex/supertabular\supertabu
lar.sty
Package: supertabular 2025/06/26 v4.2d the supertabular environment
\c@tracingst=\count366
\ST@wd=\dimen263
\ST@rightskip=\skip106
\ST@leftskip=\skip107
\ST@parfillskip=\skip108
\ST@pageleft=\dimen264
\ST@headht=\dimen265
\ST@tailht=\dimen266
\ST@pagesofar=\dimen267
\ST@pboxht=\dimen268
\ST@rowht=\dimen269
\ST@prevht=\dimen270
\ST@toadd=\dimen271
\ST@dimen=\dimen272
\ST@pbox=\box81
))
(C:\Users\LENOVO\AppData\Local\Programs\MiKTeX\tex/latex/glossaries/styles\glos
sary-tree.sty
Package: glossary-tree 2026/04/21 v5.1 (NLCT)
\l__glossaries_tree_max_known_level_int=\count367
\l__glossaries_tree_offset_dim=\dimen273
\l__glossaries_tree_namewidth_dim=\dimen274
\l__glossaries_tree_symbolwidth_dim=\dimen275
\l__glossaries_tree_prenamesym_width_dim=\dimen276
\l__glossaries_tree_presubnamesym_width_dim=\dimen277
\l__glossaries_tree_namewidth_padding_dim=\dimen278
\l__glossaries_tree_symbolwidth_padding_dim=\dimen279
\l__glossaries_tree_namesymbolwidth_dim=\dimen280
\l__glossaries_tree_namesymbolwidth_padding_dim=\dimen281
\l__glossaries_tree_level_int=\count368
\glstreeindent=\skip109
))
(C:\Users\LENOVO\AppData\Local\Programs\MiKTeX\tex/latex/glossaries/styles\glos
sary-superragged.sty
Package: glossary-superragged 2026/04/21 v5.1 (NLCT)
)
(C:\Users\LENOVO\AppData\Local\Programs\MiKTeX\tex/latex/setspace\setspace.sty
Package: setspace 2022/12/04 v6.7b set line spacing
) (C:\Users\LENOVO\AppData\Local\Programs\MiKTeX\tex/latex/parskip\parskip.sty
Package: parskip 2021-03-14 v2.0h non-zero parskip adjustments

(C:\Users\LENOVO\AppData\Local\Programs\MiKTeX\tex/latex/kvoptions\kvoptions.st
y
Package: kvoptions 2022-06-15 v3.15 Key value format for package options (HO)

(C:\Users\LENOVO\AppData\Local\Programs\MiKTeX\tex/generic/ltxcmds\ltxcmds.sty
Package: ltxcmds 2023-12-04 v1.26 LaTeX kernel commands for general use (HO)
)
(C:\Users\LENOVO\AppData\Local\Programs\MiKTeX\tex/latex/kvsetkeys\kvsetkeys.st
y
Package: kvsetkeys 2022-10-05 v1.19 Key value parser (HO)
)))
(C:\Users\LENOVO\AppData\Local\Programs\MiKTeX\tex/latex/koma-script\tocbasic.s
ty
Package: tocbasic 2026/02/02 v3.49.2 KOMA-Script package (handling toc-files)
\scr@dte@tocline@numberwidth=\skip110
\scr@dte@tocline@numbox=\box82
)
(C:\Users\LENOVO\AppData\Local\Programs\MiKTeX\tex/latex/blindtext\blindtext.st
y
Package: blindtext 2012/01/06 V2.0 blindtext-Package
\c@blindtext=\count369
\c@Blindtext=\count370
\c@blind@countparstart=\count371
\blind@countxx=\count372
\blindtext@numBlindtext=\count373
\blind@countyy=\count374
\c@blindlist=\count375
\c@blindlistlevel=\count376
\c@blindlist@level=\count377
\blind@listitem=\count378
\c@blind@listcount=\count379
\c@blind@levelcount=\count380
\blind@mathformula=\count381
\blind@Mathformula=\count382
\c@blind@randomcount=\count383
\c@blind@randommax=\count384
\c@blind@pangramcount=\count385
\c@blind@pangrammax=\count386
)
(C:\Users\LENOVO\AppData\Local\Programs\MiKTeX\tex/latex/biblatex\biblatex.sty
Package: biblatex 2025/07/10 v3.21 programmable bibliographies (PK/MW)

(C:\Users\LENOVO\AppData\Local\Programs\MiKTeX\tex/generic/pdftexcmds\pdftexcmd
s.sty
Package: pdftexcmds 2020-06-27 v0.33 Utility functions of pdfTeX for LuaTeX (HO
)

(C:\Users\LENOVO\AppData\Local\Programs\MiKTeX\tex/generic/infwarerr\infwarerr.
sty
Package: infwarerr 2019/12/03 v1.5 Providing info/warning/error messages (HO)
)
Package pdftexcmds Info: \pdf@primitive is available.
Package pdftexcmds Info: \pdf@ifprimitive is available.
Package pdftexcmds Info: \pdfdraftmode not found.
)
(C:\Users\LENOVO\AppData\Local\Programs\MiKTeX\tex/latex/logreq\logreq.sty
Package: logreq 2010/08/04 v1.0 xml request logger
\lrq@indent=\count387

(C:\Users\LENOVO\AppData\Local\Programs\MiKTeX\tex/latex/logreq\logreq.def
File: logreq.def 2010/08/04 v1.0 logreq spec v1.0
))
\c@tabx@nest=\count388
\c@listtotal=\count389
\c@listcount=\count390
\c@liststart=\count391
\c@liststop=\count392
\c@citecount=\count393
\c@citetotal=\count394
\c@multicitecount=\count395
\c@multicitetotal=\count396
\c@instcount=\count397
\c@maxnames=\count398
\c@minnames=\count399
\c@maxitems=\count400
\c@minitems=\count401
\c@citecounter=\count402
\c@maxcitecounter=\count403
\c@savedcitecounter=\count404
\c@uniquelist=\count405
\c@uniquename=\count406
\c@refsection=\count407
\c@refsegment=\count408
\c@maxextratitle=\count409
\c@maxextratitleyear=\count410
\c@maxextraname=\count411
\c@maxextradate=\count412
\c@maxextraalpha=\count413
\c@abbrvpenalty=\count414
\c@highnamepenalty=\count415
\c@lownamepenalty=\count416
\c@maxparens=\count417
\c@parenlevel=\count418
\blx@tempcnta=\count419
\blx@tempcntb=\count420
\blx@tempcntc=\count421
\c@blx@maxsection=\count422
\blx@maxsegment@0=\count423
\blx@notetype=\count424
\blx@parenlevel@text=\count425
\blx@parenlevel@foot=\count426
\blx@sectionciteorder@0=\count427
\blx@sectionciteorderinternal@0=\count428
\blx@entrysetcounter=\count429
\blx@biblioinstance=\count430
\labelnumberwidth=\skip111
\labelalphawidth=\skip112
\biblabelsep=\skip113
\bibitemsep=\skip114
\bibnamesep=\skip115
\bibinitsep=\skip116
\bibparsep=\skip117
\bibhang=\skip118
\blx@bcfin=\read3
\blx@bcfout=\write4
\blx@langwohyphens=\language79
\c@mincomprange=\count431
\c@maxcomprange=\count432
\c@mincompwidth=\count433
Package biblatex Info: Trying to load biblatex default data model...
Package biblatex Info: ... file 'blx-dm.def' found.

(C:\Users\LENOVO\AppData\Local\Programs\MiKTeX\tex/latex/biblatex\blx-dm.def
File: blx-dm.def 2025/07/10 v3.21 biblatex datamodel (PK/MW)
)
Package biblatex Info: Trying to load biblatex style data model...
Package biblatex Info: ... file 'ieee.dbx' not found.
Package biblatex Info: Trying to load biblatex custom data model...
Package biblatex Info: ... file 'biblatex-dm.cfg' not found.
\c@afterword=\count434
\c@savedafterword=\count435
\c@annotator=\count436
\c@savedannotator=\count437
\c@author=\count438
\c@savedauthor=\count439
\c@bookauthor=\count440
\c@savedbookauthor=\count441
\c@commentator=\count442
\c@savedcommentator=\count443
\c@editor=\count444
\c@savededitor=\count445
\c@editora=\count446
\c@savededitora=\count447
\c@editorb=\count448
\c@savededitorb=\count449
\c@editorc=\count450
\c@savededitorc=\count451
\c@foreword=\count452
\c@savedforeword=\count453
\c@holder=\count454
\c@savedholder=\count455
\c@introduction=\count456
\c@savedintroduction=\count457
\c@namea=\count458
\c@savednamea=\count459
\c@nameb=\count460
\c@savednameb=\count461
\c@namec=\count462
\c@savednamec=\count463
\c@translator=\count464
\c@savedtranslator=\count465
\c@shortauthor=\count466
\c@savedshortauthor=\count467
\c@shorteditor=\count468
\c@savedshorteditor=\count469
\c@labelname=\count470
\c@savedlabelname=\count471
\c@institution=\count472
\c@savedinstitution=\count473
\c@lista=\count474
\c@savedlista=\count475
\c@listb=\count476
\c@savedlistb=\count477
\c@listc=\count478
\c@savedlistc=\count479
\c@listd=\count480
\c@savedlistd=\count481
\c@liste=\count482
\c@savedliste=\count483
\c@listf=\count484
\c@savedlistf=\count485
\c@location=\count486
\c@savedlocation=\count487
\c@organization=\count488
\c@savedorganization=\count489
\c@origlocation=\count490
\c@savedoriglocation=\count491
\c@origpublisher=\count492
\c@savedorigpublisher=\count493
\c@publisher=\count494
\c@savedpublisher=\count495
\c@language=\count496
\c@savedlanguage=\count497
\c@origlanguage=\count498
\c@savedoriglanguage=\count499
\c@pageref=\count500
\c@savedpageref=\count501
\shorthandwidth=\skip119
\shortjournalwidth=\skip120
\shortserieswidth=\skip121
\shorttitlewidth=\skip122
\shortauthorwidth=\skip123
\shorteditorwidth=\skip124
\locallabelnumberwidth=\skip125
\locallabelalphawidth=\skip126
\localshorthandwidth=\skip127
\localshortjournalwidth=\skip128
\localshortserieswidth=\skip129
\localshorttitlewidth=\skip130
\localshortauthorwidth=\skip131
\localshorteditorwidth=\skip132
Package biblatex Info: Trying to load enhanced support for Unicode engines...
Package biblatex Info: ... file 'blx-unicode.def' found.

(C:\Users\LENOVO\AppData\Local\Programs\MiKTeX\tex/latex/biblatex\blx-unicode.d
ef)
Package biblatex Info: Trying to load compatibility code...
Package biblatex Info: ... file 'blx-compat.def' found.

(C:\Users\LENOVO\AppData\Local\Programs\MiKTeX\tex/latex/biblatex\blx-compat.de
f
File: blx-compat.def 2025/07/10 v3.21 biblatex compatibility (PK/MW)
)
Package biblatex Info: Trying to load BibTeX backend compatibility...
Package biblatex Info: ... file 'blx-bibtex.def' found.

(C:\Users\LENOVO\AppData\Local\Programs\MiKTeX\tex/latex/biblatex\blx-bibtex.de
f
File: blx-bibtex.def 2025/07/10 v3.21 biblatex compatibility (PK/MW)


Package biblatex Warning: Using fall-back bibtex backend:
(biblatex)                functionality may be reduced/unavailable.

)
Package biblatex Info: Trying to load generic definitions...
Package biblatex Info: ... file 'biblatex.def' found.

(C:\Users\LENOVO\AppData\Local\Programs\MiKTeX\tex/latex/biblatex\biblatex.def
File: biblatex.def 2025/07/10 v3.21 biblatex compatibility (PK/MW)
\c@textcitecount=\count502
\c@textcitetotal=\count503
\c@textcitemaxnames=\count504
\c@biburlbigbreakpenalty=\count505
\c@biburlbreakpenalty=\count506
\c@biburlnumpenalty=\count507
\c@biburlucpenalty=\count508
\c@biburllcpenalty=\count509
\biburlbigskip=\muskip19
\biburlnumskip=\muskip20
\biburlucskip=\muskip21
\biburllcskip=\muskip22
\c@smartand=\count510
)
Package biblatex Info: Trying to load bibliography style 'ieee'...
Package biblatex Info: ... file 'ieee.bbx' found.

(C:\Users\LENOVO\AppData\Local\Programs\MiKTeX\tex/latex/biblatex-ieee\ieee.bbx
File: ieee.bbx 2025-08-01 v1.4f biblatex bibliography style
Package biblatex Info: Trying to load bibliography style 'numeric-comp'...
Package biblatex Info: ... file 'numeric-comp.bbx' found.

(C:\Users\LENOVO\AppData\Local\Programs\MiKTeX\tex/latex/biblatex/bbx\numeric-c
omp.bbx
File: numeric-comp.bbx 2025/07/10 v3.21 biblatex bibliography style (PK/MW)
Package biblatex Info: Trying to load bibliography style 'numeric'...
Package biblatex Info: ... file 'numeric.bbx' found.

(C:\Users\LENOVO\AppData\Local\Programs\MiKTeX\tex/latex/biblatex/bbx\numeric.b
bx
File: numeric.bbx 2025/07/10 v3.21 biblatex bibliography style (PK/MW)
Package biblatex Info: Trying to load bibliography style 'standard'...
Package biblatex Info: ... file 'standard.bbx' found.

(C:\Users\LENOVO\AppData\Local\Programs\MiKTeX\tex/latex/biblatex/bbx\standard.
bbx
File: standard.bbx 2025/07/10 v3.21 biblatex bibliography style (PK/MW)
\c@bbx:relatedcount=\count511
\c@bbx:relatedtotal=\count512
))))
Package biblatex Info: Trying to load citation style 'ieee'...
Package biblatex Info: ... file 'ieee.cbx' found.

(C:\Users\LENOVO\AppData\Local\Programs\MiKTeX\tex/latex/biblatex-ieee\ieee.cbx
File: ieee.cbx 2025-08-01 v1.4f biblatex citation style
Package biblatex Info: Trying to load citation style 'numeric-verb'...
Package biblatex Info: ... file 'numeric-verb.cbx' found.

(C:\Users\LENOVO\AppData\Local\Programs\MiKTeX\tex/latex/biblatex/cbx\numeric-v
erb.cbx
File: numeric-verb.cbx 2025/07/10 v3.21 biblatex citation style (PK/MW)
Package biblatex Info: Redefining '\cite'.
Package biblatex Info: Redefining '\parencite'.
Package biblatex Info: Redefining '\footcite'.
Package biblatex Info: Redefining '\footcitetext'.
Package biblatex Info: Redefining '\smartcite'.
Package biblatex Info: Redefining '\textcite'.
Package biblatex Info: Redefining '\supercite'.
Package biblatex Info: Redefining '\parencites'.
Package biblatex Info: Redefining '\smartcites'.
Package biblatex Info: Redefining '\textcites'.
))
Package biblatex Info: Trying to load configuration file...
Package biblatex Info: ... file 'biblatex.cfg' found.

(C:\Users\LENOVO\AppData\Local\Programs\MiKTeX\tex/latex/biblatex\biblatex.cfg
File: biblatex.cfg 
)
Package biblatex Info: XeTeX detected.
(biblatex)             Assuming input encoding 'utf8'.
Package biblatex Info: Document encoding is UTF8 ....
Package biblatex Info: ... and expl3
(biblatex)             2025-12-24 L3 programming layer (loader) 
(biblatex)             is new enough (at least 2020/04/06),
(biblatex)             setting 'casechanger=expl3'.

(C:\Users\LENOVO\AppData\Local\Programs\MiKTeX\tex/latex/biblatex\blx-case-expl
3.sty
Package: blx-case-expl3 2025/07/10 v3.21 expl3 case changing code for biblatex
))

LaTeX Warning: \include should only be used after \begin{document} on input lin
e 74.

No file lstlisting.
(Tu_viet_tat.tex)
(C:\Users\LENOVO\AppData\Local\Programs\MiKTeX\tex/latex/hyperref\hyperref.sty
Package: hyperref 2025-07-12 v7.01o Hypertext links for LaTeX

(C:\Users\LENOVO\AppData\Local\Programs\MiKTeX\tex/generic/kvdefinekeys\kvdefin
ekeys.sty
Package: kvdefinekeys 2019-12-19 v1.6 Define keys (HO)
)
(C:\Users\LENOVO\AppData\Local\Programs\MiKTeX\tex/generic/pdfescape\pdfescape.
sty
Package: pdfescape 2019/12/09 v1.15 Implements pdfTeX's escape features (HO)
)
(C:\Users\LENOVO\AppData\Local\Programs\MiKTeX\tex/latex/hycolor\hycolor.sty
Package: hycolor 2020-01-27 v1.10 Color options for hyperref/bookmark (HO)
)
(C:\Users\LENOVO\AppData\Local\Programs\MiKTeX\tex/latex/hyperref\nameref.sty
Package: nameref 2025-06-21 v2.57 Cross-referencing by name of section

(C:\Users\LENOVO\AppData\Local\Programs\MiKTeX\tex/latex/refcount\refcount.sty
Package: refcount 2019/12/15 v3.6 Data extraction from label references (HO)
)
(C:\Users\LENOVO\AppData\Local\Programs\MiKTeX\tex/generic/gettitlestring\getti
tlestring.sty
Package: gettitlestring 2019/12/15 v1.6 Cleanup title references (HO)
)
\c@section@level=\count513
)
(C:\Users\LENOVO\AppData\Local\Programs\MiKTeX\tex/generic/stringenc\stringenc.
sty
Package: stringenc 2019/11/29 v1.12 Convert strings between diff. encodings (HO
)
)
\@linkdim=\dimen282
\Hy@linkcounter=\count514
\Hy@pagecounter=\count515

(C:\Users\LENOVO\AppData\Local\Programs\MiKTeX\tex/latex/hyperref\pd1enc.def
File: pd1enc.def 2025-07-12 v7.01o Hyperref: PDFDocEncoding definition (HO)
)
(C:\Users\LENOVO\AppData\Local\Programs\MiKTeX\tex/generic/intcalc\intcalc.sty
Package: intcalc 2019/12/15 v1.3 Expandable calculations with integers (HO)
)
\Hy@SavedSpaceFactor=\count516
(C:\Users\LENOVO\AppData\Local\Programs\MiKTeX\tex/latex/hyperref\puenc.def
File: puenc.def 2025-07-12 v7.01o Hyperref: PDF Unicode definition (HO)
)
Package hyperref Info: Hyper figures OFF on input line 4195.
Package hyperref Info: Link nesting OFF on input line 4200.
Package hyperref Info: Hyper index ON on input line 4203.
Package hyperref Info: Plain pages OFF on input line 4210.
Package hyperref Info: Backreferencing OFF on input line 4215.
Package hyperref Info: Implicit mode ON; LaTeX internals redefined.
Package hyperref Info: Bookmarks ON on input line 4462.
\c@Hy@tempcnt=\count517
LaTeX Info: Redefining \url on input line 4801.
\XeTeXLinkMargin=\dimen283

(C:\Users\LENOVO\AppData\Local\Programs\MiKTeX\tex/generic/bitset\bitset.sty
Package: bitset 2019/12/09 v1.3 Handle bit-vector datatype (HO)

(C:\Users\LENOVO\AppData\Local\Programs\MiKTeX\tex/generic/bigintcalc\bigintcal
c.sty
Package: bigintcalc 2019/12/15 v1.5 Expandable calculations on big integers (HO
)
))
\Fld@menulength=\count518
\Field@Width=\dimen284
\Fld@charsize=\dimen285
Package hyperref Info: Hyper figures OFF on input line 6078.
Package hyperref Info: Link nesting OFF on input line 6083.
Package hyperref Info: Hyper index ON on input line 6086.
Package hyperref Info: backreferencing OFF on input line 6093.
Package hyperref Info: Link coloring OFF on input line 6098.
Package hyperref Info: Link coloring with OCG OFF on input line 6103.
Package hyperref Info: PDF/A mode OFF on input line 6108.
\Hy@abspage=\count519
\c@Item=\count520
\c@Hfootnote=\count521
)
Package hyperref Info: Driver (autodetected): hxetex.

(C:\Users\LENOVO\AppData\Local\Programs\MiKTeX\tex/latex/hyperref\hxetex.def
File: hxetex.def 2025-07-12 v7.01o Hyperref driver for XeTeX
\pdfm@box=\box83
\c@Hy@AnnotLevel=\count522
\HyField@AnnotCount=\count523
\Fld@listcount=\count524
\c@bookmark@seq@number=\count525

(C:\Users\LENOVO\AppData\Local\Programs\MiKTeX\tex/latex/rerunfilecheck\rerunfi
lecheck.sty
Package: rerunfilecheck 2025-06-21 v1.11 Rerun checks for auxiliary files (HO)

(C:\Users\LENOVO\AppData\Local\Programs\MiKTeX\tex/generic/uniquecounter\unique
counter.sty
Package: uniquecounter 2019/12/15 v1.4 Provide unlimited unique counter (HO)
)
Package uniquecounter Info: New unique counter `rerunfilecheck' on input line 2
84.
)
\Hy@SectionHShift=\skip133
)
(C:\Users\LENOVO\AppData\Local\Programs\MiKTeX\tex/latex/hypcap\hypcap.sty
Package: hypcap 2024-07-26 v1.13 Adjusting the anchors of captions (HO)

(C:\Users\LENOVO\AppData\Local\Programs\MiKTeX\tex/latex/letltxmacro\letltxmacr
o.sty
Package: letltxmacro 2019/12/03 v1.6 Let assignment for LaTeX macros (HO)
))
\c@example=\count526
\@quotelevel=\count527
\@quotereset=\count528


LaTeX Warning: Unused global option(s):
    [13pt,3p].

(DoAn.aux
\g__glossaries_gls_ref_acronym_int=\count529
)
\openout1 = `DoAn.aux'.

LaTeX Font Info:    Checking defaults for OML/cmm/m/it on input line 181.
LaTeX Font Info:    ... okay on input line 181.
LaTeX Font Info:    Checking defaults for OMS/cmsy/m/n on input line 181.
LaTeX Font Info:    ... okay on input line 181.
LaTeX Font Info:    Checking defaults for OT1/cmr/m/n on input line 181.
LaTeX Font Info:    ... okay on input line 181.
LaTeX Font Info:    Checking defaults for T1/cmr/m/n on input line 181.
LaTeX Font Info:    ... okay on input line 181.
LaTeX Font Info:    Checking defaults for TS1/cmr/m/n on input line 181.
LaTeX Font Info:    ... okay on input line 181.
LaTeX Font Info:    Checking defaults for TU/lmr/m/n on input line 181.
LaTeX Font Info:    ... okay on input line 181.
LaTeX Font Info:    Checking defaults for OMX/cmex/m/n on input line 181.
LaTeX Font Info:    ... okay on input line 181.
LaTeX Font Info:    Checking defaults for U/cmr/m/n on input line 181.
LaTeX Font Info:    ... okay on input line 181.
LaTeX Font Info:    Checking defaults for PD1/pdf/m/n on input line 181.
LaTeX Font Info:    ... okay on input line 181.
LaTeX Font Info:    Checking defaults for PU/pdf/m/n on input line 181.
LaTeX Font Info:    ... okay on input line 181.

Package fontspec Info: 
(fontspec)             Adjusting the maths setup (use [no-math] to avoid
(fontspec)             this).

\symlegacymaths=\mathgroup7
LaTeX Font Info:    Overwriting symbol font `legacymaths' in version `bold'
(Font)                  OT1/cmr/m/n --> OT1/cmr/bx/n on input line 181.
LaTeX Font Info:    Redeclaring math accent \acute on input line 181.
LaTeX Font Info:    Redeclaring math accent \grave on input line 181.
LaTeX Font Info:    Redeclaring math accent \ddot on input line 181.
LaTeX Font Info:    Redeclaring math accent \tilde on input line 181.
LaTeX Font Info:    Redeclaring math accent \bar on input line 181.
LaTeX Font Info:    Redeclaring math accent \breve on input line 181.
LaTeX Font Info:    Redeclaring math accent \check on input line 181.
LaTeX Font Info:    Redeclaring math accent \hat on input line 181.
LaTeX Font Info:    Redeclaring math accent \dot on input line 181.
LaTeX Font Info:    Redeclaring math accent \mathring on input line 181.
LaTeX Font Info:    Redeclaring math symbol \Gamma on input line 181.
LaTeX Font Info:    Redeclaring math symbol \Delta on input line 181.
LaTeX Font Info:    Redeclaring math symbol \Theta on input line 181.
LaTeX Font Info:    Redeclaring math symbol \Lambda on input line 181.
LaTeX Font Info:    Redeclaring math symbol \Xi on input line 181.
LaTeX Font Info:    Redeclaring math symbol \Pi on input line 181.
LaTeX Font Info:    Redeclaring math symbol \Sigma on input line 181.
LaTeX Font Info:    Redeclaring math symbol \Upsilon on input line 181.
LaTeX Font Info:    Redeclaring math symbol \Phi on input line 181.
LaTeX Font Info:    Redeclaring math symbol \Psi on input line 181.
LaTeX Font Info:    Redeclaring math symbol \Omega on input line 181.
LaTeX Font Info:    Redeclaring math symbol \mathdollar on input line 181.
LaTeX Font Info:    Redeclaring symbol font `operators' on input line 181.
LaTeX Font Info:    Encoding `OT1' has changed to `TU' for symbol font
(Font)              `operators' in the math version `normal' on input line 181.

LaTeX Font Info:    Overwriting symbol font `operators' in version `normal'
(Font)                  OT1/cmr/m/n --> TU/TimesNewRoman(0)/m/n on input line 1
81.
LaTeX Font Info:    Encoding `OT1' has changed to `TU' for symbol font
(Font)              `operators' in the math version `bold' on input line 181.
LaTeX Font Info:    Overwriting symbol font `operators' in version `bold'
(Font)                  OT1/cmr/bx/n --> TU/TimesNewRoman(0)/m/n on input line 
181.
LaTeX Font Info:    Overwriting symbol font `operators' in version `normal'
(Font)                  TU/TimesNewRoman(0)/m/n --> TU/TimesNewRoman(0)/m/n on 
input line 181.
LaTeX Font Info:    Overwriting math alphabet `\mathit' in version `normal'
(Font)                  OT1/cmr/m/it --> TU/TimesNewRoman(0)/m/it on input line
 181.
LaTeX Font Info:    Overwriting math alphabet `\mathbf' in version `normal'
(Font)                  OT1/cmr/bx/n --> TU/TimesNewRoman(0)/b/n on input line 
181.
LaTeX Font Info:    Overwriting math alphabet `\mathsf' in version `normal'
(Font)                  OT1/cmss/m/n --> TU/lmss/m/n on input line 181.
LaTeX Font Info:    Overwriting math alphabet `\mathtt' in version `normal'
(Font)                  OT1/cmtt/m/n --> TU/lmtt/m/n on input line 181.
LaTeX Font Info:    Overwriting symbol font `operators' in version `bold'
(Font)                  TU/TimesNewRoman(0)/m/n --> TU/TimesNewRoman(0)/b/n on 
input line 181.
LaTeX Font Info:    Overwriting math alphabet `\mathit' in version `bold'
(Font)                  OT1/cmr/bx/it --> TU/TimesNewRoman(0)/b/it on input lin
e 181.
LaTeX Font Info:    Overwriting math alphabet `\mathsf' in version `bold'
(Font)                  OT1/cmss/bx/n --> TU/lmss/b/n on input line 181.
LaTeX Font Info:    Overwriting math alphabet `\mathtt' in version `bold'
(Font)                  OT1/cmtt/m/n --> TU/lmtt/b/n on input line 181.

*geometry* driver: auto-detecting
*geometry* detected driver: xetex
*geometry* verbose mode - [ preamble ] result:
* driver: xetex
* paper: a4paper
* layout: <same size as paper>
* layoutoffset:(h,v)=(0.0pt,0.0pt)
* modes: 
* h-part:(L,W,R)=(99.58464pt, 426.79135pt, 71.13188pt)
* v-part:(T,H,B)=(56.9055pt, 731.23584pt, 56.9055pt)
* \paperwidth=597.50787pt
* \paperheight=845.04684pt
* \textwidth=426.79135pt
* \textheight=731.23584pt
* \oddsidemargin=27.31465pt
* \evensidemargin=27.31465pt
* \topmargin=-52.36449pt
* \headheight=10.0pt
* \headsep=25.0pt
* \topskip=10.0pt
* \footskip=30.0pt
* \marginparwidth=57.0pt
* \marginparsep=11.0pt
* \columnsep=10.0pt
* \skip\footins=11.69997pt plus 5.19942pt minus 2.60054pt
* \hoffset=0.0pt
* \voffset=0.0pt
* \mag=1000
* \@twocolumnfalse
* \@twosidefalse
* \@mparswitchfalse
* \@reversemarginfalse
* (1in=72.27pt=25.4mm, 1cm=28.453pt)

Package caption Info: Begin \AtBeginDocument code.
Package caption Info: float package is loaded.
Package caption Info: hyperref package is loaded.
Package caption Info: hypcap package is loaded.
Package caption Info: listings package is loaded.
Package caption Info: supertabular package is loaded.
Package caption Info: End \AtBeginDocument code.
\c@lstlisting=\count530
Package tocbasic Info: omitting babel extension for `lol'
(tocbasic)             because of missing \bbl@set@language on input line 181.
Package biblatex Info: Trying to load language 'english'...
Package biblatex Info: ... file 'english.lbx' found.

(C:\Users\LENOVO\AppData\Local\Programs\MiKTeX\tex/latex/biblatex/lbx\english.l
bx
File: english.lbx 2025/07/10 v3.21 biblatex localization (PK/MW)
)
Package biblatex Info: XeTeX detected.
(biblatex)             Assuming input encoding 'utf8'.
Package biblatex Info: Automatic encoding selection.
(biblatex)             Assuming data encoding 'utf8'.
Package biblatex Info: XeTeX detected.
(biblatex)             Assuming input encoding 'utf8'.
Package biblatex Info: Data encoding 'utf8' specified.
(biblatex)             No need to reencode data.
\openout4 = `DoAn-blx.bib'.

Package biblatex Info: Trying to load bibliographic data...
Package biblatex Info: ... file 'DoAn.bbl' found.
 (DoAn.bbl)
Package biblatex Info: Reference section=0 on input line 181.
Package biblatex Info: Reference segment=0 on input line 181.
Package hyperref Info: Link coloring OFF on input line 181.
 (DoAn.out) (DoAn.out)
\@outlinefile=\write5
\openout5 = `DoAn.out'.

 (Bia.tex
LaTeX Font Info:    Calculating math sizes for size <13> on input line 32.


LaTeX Font Warning: Font shape `OML/cmm/m/it' in size <13> not available
(Font)              size <12> substituted on input line 32.


LaTeX Font Warning: Font shape `OML/cmm/m/it' in size <6.5> not available
(Font)              size <6> substituted on input line 32.


LaTeX Font Warning: Font shape `OMS/cmsy/m/n' in size <13> not available
(Font)              size <12> substituted on input line 32.


LaTeX Font Warning: Font shape `OMS/cmsy/m/n' in size <6.5> not available
(Font)              size <6> substituted on input line 32.

LaTeX Font Info:    Trying to load font information for U+lasy on input line 32
.
(C:\Users\LENOVO\AppData\Local\Programs\MiKTeX\tex/latex/base\ulasy.fd
File: ulasy.fd 1998/08/17 v2.2e LaTeX symbol font definitions
)

LaTeX Font Warning: Font shape `U/lasy/m/n' in size <13> not available
(Font)              size <12> substituted on input line 32.


LaTeX Font Warning: Font shape `U/lasy/m/n' in size <6.5> not available
(Font)              size <6> substituted on input line 32.

LaTeX Font Info:    Trying to load font information for U+msa on input line 32.

(C:\Users\LENOVO\AppData\Local\Programs\MiKTeX\tex/latex/amsfonts\umsa.fd
File: umsa.fd 2013/01/14 v3.01 AMS symbols A
)
LaTeX Font Info:    Trying to load font information for U+msb on input line 32.


(C:\Users\LENOVO\AppData\Local\Programs\MiKTeX\tex/latex/amsfonts\umsb.fd
File: umsb.fd 2013/01/14 v3.01 AMS symbols B
)

LaTeX Font Warning: Font shape `OT1/cmr/m/n' in size <13> not available
(Font)              size <12> substituted on input line 32.


LaTeX Font Warning: Font shape `OT1/cmr/m/n' in size <6.5> not available
(Font)              size <6> substituted on input line 32.

[1

]) (Bia_lot.tex [1]) (Chuong/0_2_Loi_cam_on.tex) [1]
(Chuong/0_3_Tom_tat_noi_dung.tex) [1] (DoAn.toc [1

] [2])
\tf@toc=\write6
\openout6 = `DoAn.toc'.

 [3] (DoAn.lof [1


]
[2])
\tf@lof=\write7
\openout7 = `DoAn.lof'.

 [3] (DoAn.lot [4

])
\tf@lot=\write8
\openout8 = `DoAn.lot'.



Package glossaries Warning: Empty glossary for \printnoidxglossary[type={main}]
. Rerun may be required (or you may have forgotten to use commands like \gls) o
n input line 271.


Package glossaries Info: Preparing to sort glossary `acronym' (total number of
(glossaries)             referenced entries: 12)

[5] [6


]
CHƯƠNG 1.
(Chuong/1_Gioi_thieu.tex [1

]

Package fancyhdr Warning: \headheight is too small (10.0pt): 
(fancyhdr)                Make it at least 15.59995pt, for example:
(fancyhdr)                \setlength{\headheight}{15.59995pt}.
(fancyhdr)                You might also make \topmargin smaller:
(fancyhdr)                \addtolength{\topmargin}{-5.59995pt}.

[2]

Package fancyhdr Warning: \headheight is too small (10.0pt): 
(fancyhdr)                Make it at least 15.59995pt, for example:
(fancyhdr)                \setlength{\headheight}{15.59995pt}.
(fancyhdr)                You might also make \topmargin smaller:
(fancyhdr)                \addtolength{\topmargin}{-5.59995pt}.

[3])

Package fancyhdr Warning: \headheight is too small (10.0pt): 
(fancyhdr)                Make it at least 15.59995pt, for example:
(fancyhdr)                \setlength{\headheight}{15.59995pt}.
(fancyhdr)                You might also make \topmargin smaller:
(fancyhdr)                \addtolength{\topmargin}{-5.59995pt}.

[4]
CHƯƠNG 2.
(Chuong/2_Khao_sat.tex
LaTeX Font Info:    Calculating math sizes for size <11.86258> on input line 48
.
 [5

]

Package fancyhdr Warning: \headheight is too small (10.0pt): 
(fancyhdr)                Make it at least 15.59995pt, for example:
(fancyhdr)                \setlength{\headheight}{15.59995pt}.
(fancyhdr)                You might also make \topmargin smaller:
(fancyhdr)                \addtolength{\topmargin}{-5.59995pt}.

[6]
File: Hinhve/uc_overview.png Graphic file (type bmp)
<Hinhve/uc_overview.png>


Package fancyhdr Warning: \headheight is too small (10.0pt): 
(fancyhdr)                Make it at least 15.59995pt, for example:
(fancyhdr)                \setlength{\headheight}{15.59995pt}.
(fancyhdr)                You might also make \topmargin smaller:
(fancyhdr)                \addtolength{\topmargin}{-5.59995pt}.

[7]
File: Hinhve/uc_groupA_single.png Graphic file (type bmp)
<Hinhve/uc_groupA_single.png>
File: Hinhve/uc_A1.png Graphic file (type bmp)
<Hinhve/uc_A1.png>

ignored error: Infinite glue shrinkage found in box being split

Package fancyhdr Warning: \headheight is too small (10.0pt): 
(fancyhdr)                Make it at least 15.59995pt, for example:
(fancyhdr)                \setlength{\headheight}{15.59995pt}.
(fancyhdr)                You might also make \topmargin smaller:
(fancyhdr)                \addtolength{\topmargin}{-5.59995pt}.

[8]
File: Hinhve/uc_A2.png Graphic file (type bmp)
<Hinhve/uc_A2.png>

ignored error: Infinite glue shrinkage found in box being split

Package fancyhdr Warning: \headheight is too small (10.0pt): 
(fancyhdr)                Make it at least 15.59995pt, for example:
(fancyhdr)                \setlength{\headheight}{15.59995pt}.
(fancyhdr)                You might also make \topmargin smaller:
(fancyhdr)                \addtolength{\topmargin}{-5.59995pt}.

[9]
File: Hinhve/uc_A3.png Graphic file (type bmp)
<Hinhve/uc_A3.png>
File: Hinhve/uc_groupB_lan.png Graphic file (type bmp)
<Hinhve/uc_groupB_lan.png>


Package fancyhdr Warning: \headheight is too small (10.0pt): 
(fancyhdr)                Make it at least 15.59995pt, for example:
(fancyhdr)                \setlength{\headheight}{15.59995pt}.
(fancyhdr)                You might also make \topmargin smaller:
(fancyhdr)                \addtolength{\topmargin}{-5.59995pt}.

[10]
File: Hinhve/uc_groupB_internet.png Graphic file (type bmp)
<Hinhve/uc_groupB_internet.png>
File: Hinhve/uc_B1.png Graphic file (type bmp)
<Hinhve/uc_B1.png>

ignored error: Infinite glue shrinkage found in box being split

Package fancyhdr Warning: \headheight is too small (10.0pt): 
(fancyhdr)                Make it at least 15.59995pt, for example:
(fancyhdr)                \setlength{\headheight}{15.59995pt}.
(fancyhdr)                You might also make \topmargin smaller:
(fancyhdr)                \addtolength{\topmargin}{-5.59995pt}.

[11]
File: Hinhve/uc_B2.png Graphic file (type bmp)
<Hinhve/uc_B2.png>
File: Hinhve/uc_B3.png Graphic file (type bmp)
<Hinhve/uc_B3.png>


Package fancyhdr Warning: \headheight is too small (10.0pt): 
(fancyhdr)                Make it at least 15.59995pt, for example:
(fancyhdr)                \setlength{\headheight}{15.59995pt}.
(fancyhdr)                You might also make \topmargin smaller:
(fancyhdr)                \addtolength{\topmargin}{-5.59995pt}.

[12]
File: Hinhve/uc_B4.png Graphic file (type bmp)
<Hinhve/uc_B4.png>

ignored error: Infinite glue shrinkage found in box being split

Package fancyhdr Warning: \headheight is too small (10.0pt): 
(fancyhdr)                Make it at least 15.59995pt, for example:
(fancyhdr)                \setlength{\headheight}{15.59995pt}.
(fancyhdr)                You might also make \topmargin smaller:
(fancyhdr)                \addtolength{\topmargin}{-5.59995pt}.

[13]
File: Hinhve/uc_B5.png Graphic file (type bmp)
<Hinhve/uc_B5.png>


Package fancyhdr Warning: \headheight is too small (10.0pt): 
(fancyhdr)                Make it at least 15.59995pt, for example:
(fancyhdr)                \setlength{\headheight}{15.59995pt}.
(fancyhdr)                You might also make \topmargin smaller:
(fancyhdr)                \addtolength{\topmargin}{-5.59995pt}.

[14]
File: Hinhve/uc_B6.png Graphic file (type bmp)
<Hinhve/uc_B6.png>
File: Hinhve/uc_B7.png Graphic file (type bmp)
<Hinhve/uc_B7.png>


Package fancyhdr Warning: \headheight is too small (10.0pt): 
(fancyhdr)                Make it at least 15.59995pt, for example:
(fancyhdr)                \setlength{\headheight}{15.59995pt}.
(fancyhdr)                You might also make \topmargin smaller:
(fancyhdr)                \addtolength{\topmargin}{-5.59995pt}.

[15]
File: Hinhve/uc_groupC.png Graphic file (type bmp)
<Hinhve/uc_groupC.png>
File: Hinhve/uc_C1.png Graphic file (type bmp)
<Hinhve/uc_C1.png>

ignored error: Infinite glue shrinkage found in box being split

Package fancyhdr Warning: \headheight is too small (10.0pt): 
(fancyhdr)                Make it at least 15.59995pt, for example:
(fancyhdr)                \setlength{\headheight}{15.59995pt}.
(fancyhdr)                You might also make \topmargin smaller:
(fancyhdr)                \addtolength{\topmargin}{-5.59995pt}.

[16]
File: Hinhve/uc_C2.png Graphic file (type bmp)
<Hinhve/uc_C2.png>
File: Hinhve/uc_groupD_backtest.png Graphic file (type bmp)
<Hinhve/uc_groupD_backtest.png>


Package fancyhdr Warning: \headheight is too small (10.0pt): 
(fancyhdr)                Make it at least 15.59995pt, for example:
(fancyhdr)                \setlength{\headheight}{15.59995pt}.
(fancyhdr)                You might also make \topmargin smaller:
(fancyhdr)                \addtolength{\topmargin}{-5.59995pt}.

[17]
File: Hinhve/uc_D1.png Graphic file (type bmp)
<Hinhve/uc_D1.png>
File: Hinhve/uc_D2.png Graphic file (type bmp)
<Hinhve/uc_D2.png>


Package fancyhdr Warning: \headheight is too small (10.0pt): 
(fancyhdr)                Make it at least 15.59995pt, for example:
(fancyhdr)                \setlength{\headheight}{15.59995pt}.
(fancyhdr)                You might also make \topmargin smaller:
(fancyhdr)                \addtolength{\topmargin}{-5.59995pt}.

[18]
File: Hinhve/uc_D3.png Graphic file (type bmp)
<Hinhve/uc_D3.png>

ignored error: Infinite glue shrinkage found in box being split

Package fancyhdr Warning: \headheight is too small (10.0pt): 
(fancyhdr)                Make it at least 15.59995pt, for example:
(fancyhdr)                \setlength{\headheight}{15.59995pt}.
(fancyhdr)                You might also make \topmargin smaller:
(fancyhdr)                \addtolength{\topmargin}{-5.59995pt}.

[19]

Package fancyhdr Warning: \headheight is too small (10.0pt): 
(fancyhdr)                Make it at least 15.59995pt, for example:
(fancyhdr)                \setlength{\headheight}{15.59995pt}.
(fancyhdr)                You might also make \topmargin smaller:
(fancyhdr)                \addtolength{\topmargin}{-5.59995pt}.

[20])

Package fancyhdr Warning: \headheight is too small (10.0pt): 
(fancyhdr)                Make it at least 15.59995pt, for example:
(fancyhdr)                \setlength{\headheight}{15.59995pt}.
(fancyhdr)                You might also make \topmargin smaller:
(fancyhdr)                \addtolength{\topmargin}{-5.59995pt}.

[21]
CHƯƠNG 3.
(Chuong/3_Cong_nghe.tex [22

]

Package fancyhdr Warning: \headheight is too small (10.0pt): 
(fancyhdr)                Make it at least 15.59995pt, for example:
(fancyhdr)                \setlength{\headheight}{15.59995pt}.
(fancyhdr)                You might also make \topmargin smaller:
(fancyhdr)                \addtolength{\topmargin}{-5.59995pt}.

[23]

Package fancyhdr Warning: \headheight is too small (10.0pt): 
(fancyhdr)                Make it at least 15.59995pt, for example:
(fancyhdr)                \setlength{\headheight}{15.59995pt}.
(fancyhdr)                You might also make \topmargin smaller:
(fancyhdr)                \addtolength{\topmargin}{-5.59995pt}.

[24]

Package fancyhdr Warning: \headheight is too small (10.0pt): 
(fancyhdr)                Make it at least 15.59995pt, for example:
(fancyhdr)                \setlength{\headheight}{15.59995pt}.
(fancyhdr)                You might also make \topmargin smaller:
(fancyhdr)                \addtolength{\topmargin}{-5.59995pt}.

[25])

Package fancyhdr Warning: \headheight is too small (10.0pt): 
(fancyhdr)                Make it at least 15.59995pt, for example:
(fancyhdr)                \setlength{\headheight}{15.59995pt}.
(fancyhdr)                You might also make \topmargin smaller:
(fancyhdr)                \addtolength{\topmargin}{-5.59995pt}.

[26]
CHƯƠNG 4.
(Chuong/4_Ket_qua_thuc_nghiem.tex [27

]
File: Hinhve/arch_packages.png Graphic file (type bmp)
<Hinhve/arch_packages.png>


Package fancyhdr Warning: \headheight is too small (10.0pt): 
(fancyhdr)                Make it at least 15.59995pt, for example:
(fancyhdr)                \setlength{\headheight}{15.59995pt}.
(fancyhdr)                You might also make \topmargin smaller:
(fancyhdr)                \addtolength{\topmargin}{-5.59995pt}.

[28]
File: Hinhve/03_single_play_activity.drawio.png Graphic file (type bmp)
<Hinhve/03_single_play_activity.drawio.png>
File: Hinhve/class_pathfinding.png Graphic file (type bmp)
<Hinhve/class_pathfinding.png>


Package fancyhdr Warning: \headheight is too small (10.0pt): 
(fancyhdr)                Make it at least 15.59995pt, for example:
(fancyhdr)                \setlength{\headheight}{15.59995pt}.
(fancyhdr)                You might also make \topmargin smaller:
(fancyhdr)                \addtolength{\topmargin}{-5.59995pt}.

[29]
File: Hinhve/07_mapf_data_flow.drawio.png Graphic file (type bmp)
<Hinhve/07_mapf_data_flow.drawio.png>


Package fancyhdr Warning: \headheight is too small (10.0pt): 
(fancyhdr)                Make it at least 15.59995pt, for example:
(fancyhdr)                \setlength{\headheight}{15.59995pt}.
(fancyhdr)                You might also make \topmargin smaller:
(fancyhdr)                \addtolength{\topmargin}{-5.59995pt}.

[30]

Package fancyhdr Warning: \headheight is too small (10.0pt): 
(fancyhdr)                Make it at least 15.59995pt, for example:
(fancyhdr)                \setlength{\headheight}{15.59995pt}.
(fancyhdr)                You might also make \topmargin smaller:
(fancyhdr)                \addtolength{\topmargin}{-5.59995pt}.

[31]
File: Hinhve/04_internet_host_join_activity.drawio.png Graphic file (type bmp)
<Hinhve/04_internet_host_join_activity.drawio.png>
File: Hinhve/seq_internet_create_room.png Graphic file (type bmp)
<Hinhve/seq_internet_create_room.png>


Package fancyhdr Warning: \headheight is too small (10.0pt): 
(fancyhdr)                Make it at least 15.59995pt, for example:
(fancyhdr)                \setlength{\headheight}{15.59995pt}.
(fancyhdr)                You might also make \topmargin smaller:
(fancyhdr)                \addtolength{\topmargin}{-5.59995pt}.

[32]
File: Hinhve/seq_internet_ready_start.png Graphic file (type bmp)
<Hinhve/seq_internet_ready_start.png>


Package fancyhdr Warning: \headheight is too small (10.0pt): 
(fancyhdr)                Make it at least 15.59995pt, for example:
(fancyhdr)                \setlength{\headheight}{15.59995pt}.
(fancyhdr)                You might also make \topmargin smaller:
(fancyhdr)                \addtolength{\topmargin}{-5.59995pt}.

[33]

Package fancyhdr Warning: \headheight is too small (10.0pt): 
(fancyhdr)                Make it at least 15.59995pt, for example:
(fancyhdr)                \setlength{\headheight}{15.59995pt}.
(fancyhdr)                You might also make \topmargin smaller:
(fancyhdr)                \addtolength{\topmargin}{-5.59995pt}.

[34]
File: Hinhve/Menu.png Graphic file (type bmp)
<Hinhve/Menu.png>


Package fancyhdr Warning: \headheight is too small (10.0pt): 
(fancyhdr)                Make it at least 15.59995pt, for example:
(fancyhdr)                \setlength{\headheight}{15.59995pt}.
(fancyhdr)                You might also make \topmargin smaller:
(fancyhdr)                \addtolength{\topmargin}{-5.59995pt}.

[35]
File: Hinhve/Single_play_to_select_color_tank.png Graphic file (type bmp)
<Hinhve/Single_play_to_select_color_tank.png>
File: Hinhve/Single_play_select_map.png Graphic file (type bmp)
<Hinhve/Single_play_select_map.png>


Package fancyhdr Warning: \headheight is too small (10.0pt): 
(fancyhdr)                Make it at least 15.59995pt, for example:
(fancyhdr)                \setlength{\headheight}{15.59995pt}.
(fancyhdr)                You might also make \topmargin smaller:
(fancyhdr)                \addtolength{\topmargin}{-5.59995pt}.

[36]
File: Hinhve/In_round_game.png Graphic file (type bmp)
<Hinhve/In_round_game.png>


Package fancyhdr Warning: \headheight is too small (10.0pt): 
(fancyhdr)                Make it at least 15.59995pt, for example:
(fancyhdr)                \setlength{\headheight}{15.59995pt}.
(fancyhdr)                You might also make \topmargin smaller:
(fancyhdr)                \addtolength{\topmargin}{-5.59995pt}.

[37]
File: Hinhve/Multiple_Select_Role.png Graphic file (type bmp)
<Hinhve/Multiple_Select_Role.png>
File: Hinhve/MultiplaySelect_countEnemyAgent_map.png Graphic file (type bmp)
<Hinhve/MultiplaySelect_countEnemyAgent_map.png>


Package fancyhdr Warning: \headheight is too small (10.0pt): 
(fancyhdr)                Make it at least 15.59995pt, for example:
(fancyhdr)                \setlength{\headheight}{15.59995pt}.
(fancyhdr)                You might also make \topmargin smaller:
(fancyhdr)                \addtolength{\topmargin}{-5.59995pt}.

[38]
File: Hinhve/host_game_multiple.png Graphic file (type bmp)
<Hinhve/host_game_multiple.png>
File: Hinhve/Inround_game_multiplayer.png Graphic file (type bmp)
<Hinhve/Inround_game_multiplayer.png>


Package fancyhdr Warning: \headheight is too small (10.0pt): 
(fancyhdr)                Make it at least 15.59995pt, for example:
(fancyhdr)                \setlength{\headheight}{15.59995pt}.
(fancyhdr)                You might also make \topmargin smaller:
(fancyhdr)                \addtolength{\topmargin}{-5.59995pt}.

[39]
File: Hinhve/lose_scene.png Graphic file (type bmp)
<Hinhve/lose_scene.png>
File: Hinhve/win_scene.png Graphic file (type bmp)
<Hinhve/win_scene.png>


Package fancyhdr Warning: \headheight is too small (10.0pt): 
(fancyhdr)                Make it at least 15.59995pt, for example:
(fancyhdr)                \setlength{\headheight}{15.59995pt}.
(fancyhdr)                You might also make \topmargin smaller:
(fancyhdr)                \addtolength{\topmargin}{-5.59995pt}.

[40]
File: Hinhve/13_backtest_workflow.drawio.png Graphic file (type bmp)
<Hinhve/13_backtest_workflow.drawio.png>


Package fancyhdr Warning: \headheight is too small (10.0pt): 
(fancyhdr)                Make it at least 15.59995pt, for example:
(fancyhdr)                \setlength{\headheight}{15.59995pt}.
(fancyhdr)                You might also make \topmargin smaller:
(fancyhdr)                \addtolength{\topmargin}{-5.59995pt}.

[41]
File: Hinhve/Backtest_Select_map_dyn_on_off_count_agent.png Graphic file (type 
bmp)
<Hinhve/Backtest_Select_map_dyn_on_off_count_agent.png>


Package fancyhdr Warning: \headheight is too small (10.0pt): 
(fancyhdr)                Make it at least 15.59995pt, for example:
(fancyhdr)                \setlength{\headheight}{15.59995pt}.
(fancyhdr)                You might also make \topmargin smaller:
(fancyhdr)                \addtolength{\topmargin}{-5.59995pt}.

[42]

Package fancyhdr Warning: \headheight is too small (10.0pt): 
(fancyhdr)                Make it at least 15.59995pt, for example:
(fancyhdr)                \setlength{\headheight}{15.59995pt}.
(fancyhdr)                You might also make \topmargin smaller:
(fancyhdr)                \addtolength{\topmargin}{-5.59995pt}.

[43]
File: Hinhve/backtest_duration_static.png Graphic file (type bmp)
<Hinhve/backtest_duration_static.png>
File: Hinhve/backtest_replan_static.png Graphic file (type bmp)
<Hinhve/backtest_replan_static.png>


Package fancyhdr Warning: \headheight is too small (10.0pt): 
(fancyhdr)                Make it at least 15.59995pt, for example:
(fancyhdr)                \setlength{\headheight}{15.59995pt}.
(fancyhdr)                You might also make \topmargin smaller:
(fancyhdr)                \addtolength{\topmargin}{-5.59995pt}.

[44]
LaTeX Font Info:    Calculating math sizes for size <10.83347> on input line 71
4.


LaTeX Font Warning: Font shape `OML/cmm/m/it' in size <7.58339> not available
(Font)              size <8> substituted on input line 714.


LaTeX Font Warning: Font shape `OML/cmm/m/it' in size <5.41673> not available
(Font)              size <5> substituted on input line 714.


LaTeX Font Warning: Font shape `OMS/cmsy/m/n' in size <7.58339> not available
(Font)              size <8> substituted on input line 714.


LaTeX Font Warning: Font shape `OMS/cmsy/m/n' in size <5.41673> not available
(Font)              size <5> substituted on input line 714.


LaTeX Font Warning: Font shape `U/lasy/m/n' in size <7.58339> not available
(Font)              size <8> substituted on input line 714.


LaTeX Font Warning: Font shape `U/lasy/m/n' in size <5.41673> not available
(Font)              size <5> substituted on input line 714.


LaTeX Font Warning: Font shape `OT1/cmr/m/n' in size <7.58339> not available
(Font)              size <8> substituted on input line 714.


LaTeX Font Warning: Font shape `OT1/cmr/m/n' in size <5.41673> not available
(Font)              size <5> substituted on input line 714.


Package fancyhdr Warning: \headheight is too small (10.0pt): 
(fancyhdr)                Make it at least 15.59995pt, for example:
(fancyhdr)                \setlength{\headheight}{15.59995pt}.
(fancyhdr)                You might also make \topmargin smaller:
(fancyhdr)                \addtolength{\topmargin}{-5.59995pt}.

[45]
File: Hinhve/backtest_dyn_off.png Graphic file (type bmp)
<Hinhve/backtest_dyn_off.png>
File: Hinhve/backtest_dyn_on.png Graphic file (type bmp)
<Hinhve/backtest_dyn_on.png>


Package fancyhdr Warning: \headheight is too small (10.0pt): 
(fancyhdr)                Make it at least 15.59995pt, for example:
(fancyhdr)                \setlength{\headheight}{15.59995pt}.
(fancyhdr)                You might also make \topmargin smaller:
(fancyhdr)                \addtolength{\topmargin}{-5.59995pt}.

[46]
File: Hinhve/backtest-dyn-on-2.png Graphic file (type bmp)
<Hinhve/backtest-dyn-on-2.png>
File: Hinhve/backtest_static_vs_dynamic.png Graphic file (type bmp)
<Hinhve/backtest_static_vs_dynamic.png>


Package fancyhdr Warning: \headheight is too small (10.0pt): 
(fancyhdr)                Make it at least 15.59995pt, for example:
(fancyhdr)                \setlength{\headheight}{15.59995pt}.
(fancyhdr)                You might also make \topmargin smaller:
(fancyhdr)                \addtolength{\topmargin}{-5.59995pt}.

[47]

Package fancyhdr Warning: \headheight is too small (10.0pt): 
(fancyhdr)                Make it at least 15.59995pt, for example:
(fancyhdr)                \setlength{\headheight}{15.59995pt}.
(fancyhdr)                You might also make \topmargin smaller:
(fancyhdr)                \addtolength{\topmargin}{-5.59995pt}.

[48]
File: Hinhve/backtest_duration_vs_agents.png Graphic file (type bmp)
<Hinhve/backtest_duration_vs_agents.png>
File: Hinhve/backtest_replan_vs_agents.png Graphic file (type bmp)
<Hinhve/backtest_replan_vs_agents.png>


Package fancyhdr Warning: \headheight is too small (10.0pt): 
(fancyhdr)                Make it at least 15.59995pt, for example:
(fancyhdr)                \setlength{\headheight}{15.59995pt}.
(fancyhdr)                You might also make \topmargin smaller:
(fancyhdr)                \addtolength{\topmargin}{-5.59995pt}.

[49]
File: Hinhve/backtest_timeout_vs_agents.png Graphic file (type bmp)
<Hinhve/backtest_timeout_vs_agents.png>

ignored error: Infinite glue shrinkage found in box being split

Package fancyhdr Warning: \headheight is too small (10.0pt): 
(fancyhdr)                Make it at least 15.59995pt, for example:
(fancyhdr)                \setlength{\headheight}{15.59995pt}.
(fancyhdr)                You might also make \topmargin smaller:
(fancyhdr)                \addtolength{\topmargin}{-5.59995pt}.

[50]
File: Hinhve/backtest_recoveries_vs_agents.png Graphic file (type bmp)
<Hinhve/backtest_recoveries_vs_agents.png>


Package fancyhdr Warning: \headheight is too small (10.0pt): 
(fancyhdr)                Make it at least 15.59995pt, for example:
(fancyhdr)                \setlength{\headheight}{15.59995pt}.
(fancyhdr)                You might also make \topmargin smaller:
(fancyhdr)                \addtolength{\topmargin}{-5.59995pt}.

[51]

Package fancyhdr Warning: \headheight is too small (10.0pt): 
(fancyhdr)                Make it at least 15.59995pt, for example:
(fancyhdr)                \setlength{\headheight}{15.59995pt}.
(fancyhdr)                You might also make \topmargin smaller:
(fancyhdr)                \addtolength{\topmargin}{-5.59995pt}.

[52]

Package fancyhdr Warning: \headheight is too small (10.0pt): 
(fancyhdr)                Make it at least 15.59995pt, for example:
(fancyhdr)                \setlength{\headheight}{15.59995pt}.
(fancyhdr)                You might also make \topmargin smaller:
(fancyhdr)                \addtolength{\topmargin}{-5.59995pt}.

[53]
Underfull \hbox (badness 1067) in paragraph at lines 1064--1069
[]\TU/TimesNewRoman(0)/m/n/13 Để phục vụ người dùng cuối qua trình duyệt, hệ th
ống được triển khai
 []


Underfull \hbox (badness 1616) in paragraph at lines 1084--1086
[]|\TU/TimesNewRoman(0)/m/n/11.86258 Cho phép TCP cổng 22 (SSH), 80 (HTTP), 443

 []


Underfull \hbox (badness 2608) in paragraph at lines 1087--1089
[]|\TU/lmtt/m/n/11.86258 tankmapf-tank-mapf-artifacts \TU/TimesNewRoman(0)/m/n/
11.86258 lưu trữ artifact
 []


Package fancyhdr Warning: \headheight is too small (10.0pt): 
(fancyhdr)                Make it at least 15.59995pt, for example:
(fancyhdr)                \setlength{\headheight}{15.59995pt}.
(fancyhdr)                You might also make \topmargin smaller:
(fancyhdr)                \addtolength{\topmargin}{-5.59995pt}.

[54]
Overfull \hbox (3.50667pt too wide) in paragraph at lines 1137--1142
[]\TU/TimesNewRoman(0)/b/n/13 Proxy WebSocket cho máy chủ trò chơi. \TU/TimesNe
wRoman(0)/m/n/13 Tên miền phụ \TU/lmtt/m/n/13 game.luminx.io.vn
 []


Package fancyhdr Warning: \headheight is too small (10.0pt): 
(fancyhdr)                Make it at least 15.59995pt, for example:
(fancyhdr)                \setlength{\headheight}{15.59995pt}.
(fancyhdr)                You might also make \topmargin smaller:
(fancyhdr)                \addtolength{\topmargin}{-5.59995pt}.

[55]
Underfull \hbox (badness 5345) in paragraph at lines 1210--1212
[]|\TU/TimesNewRoman(0)/m/n/11.86258 Kiểm tra định dạng Ter-
 []


Underfull \hbox (badness 10000) in paragraph at lines 1210--1212
\TU/TimesNewRoman(0)/m/n/11.86258 raform, cú pháp Python
 []


Underfull \hbox (badness 7081) in paragraph at lines 1210--1212
\TU/TimesNewRoman(0)/m/n/11.86258 (Registry), cú pháp shell
 []


Underfull \hbox (badness 1552) in paragraph at lines 1210--1212
\TU/TimesNewRoman(0)/m/n/11.86258 script; phát hiện tệp nhạy
 []


Underfull \hbox (badness 5862) in paragraph at lines 1214--1216
\TU/TimesNewRoman(0)/m/n/11.86258 chạy \TU/lmtt/m/n/11.86258 terraform plan \TU
/TimesNewRoman(0)/m/n/11.86258 để
 []


Underfull \hbox (badness 4366) in paragraph at lines 1218--1220
[]|\TU/TimesNewRoman(0)/m/n/11.86258 Build artifact Linux Ded-
 []


Underfull \hbox (badness 5548) in paragraph at lines 1218--1220
\TU/TimesNewRoman(0)/m/n/11.86258 icated Server và WebGL,
 []


Package fancyhdr Warning: \headheight is too small (10.0pt): 
(fancyhdr)                Make it at least 15.59995pt, for example:
(fancyhdr)                \setlength{\headheight}{15.59995pt}.
(fancyhdr)                You might also make \topmargin smaller:
(fancyhdr)                \addtolength{\topmargin}{-5.59995pt}.

[56]
File: Hinhve/14_gcp_nginx_deployment.drawio.png Graphic file (type bmp)
<Hinhve/14_gcp_nginx_deployment.drawio.png>


Package fancyhdr Warning: \headheight is too small (10.0pt): 
(fancyhdr)                Make it at least 15.59995pt, for example:
(fancyhdr)                \setlength{\headheight}{15.59995pt}.
(fancyhdr)                You might also make \topmargin smaller:
(fancyhdr)                \addtolength{\topmargin}{-5.59995pt}.

[57])

Package fancyhdr Warning: \headheight is too small (10.0pt): 
(fancyhdr)                Make it at least 15.59995pt, for example:
(fancyhdr)                \setlength{\headheight}{15.59995pt}.
(fancyhdr)                You might also make \topmargin smaller:
(fancyhdr)                \addtolength{\topmargin}{-5.59995pt}.

[58]
CHƯƠNG 5.
(Chuong/5_Giai_phap_dong_gop.tex [59

]
File: Hinhve/seq_astar_replan.png Graphic file (type bmp)
<Hinhve/seq_astar_replan.png>


Package fancyhdr Warning: \headheight is too small (10.0pt): 
(fancyhdr)                Make it at least 15.59995pt, for example:
(fancyhdr)                \setlength{\headheight}{15.59995pt}.
(fancyhdr)                You might also make \topmargin smaller:
(fancyhdr)                \addtolength{\topmargin}{-5.59995pt}.

[60]
File: Hinhve/seq_pibt_csharp.png Graphic file (type bmp)
<Hinhve/seq_pibt_csharp.png>


Package fancyhdr Warning: \headheight is too small (10.0pt): 
(fancyhdr)                Make it at least 15.59995pt, for example:
(fancyhdr)                \setlength{\headheight}{15.59995pt}.
(fancyhdr)                You might also make \topmargin smaller:
(fancyhdr)                \addtolength{\topmargin}{-5.59995pt}.

[61]
File: Hinhve/seq_pibt_tcp.png Graphic file (type bmp)
<Hinhve/seq_pibt_tcp.png>


Package fancyhdr Warning: \headheight is too small (10.0pt): 
(fancyhdr)                Make it at least 15.59995pt, for example:
(fancyhdr)                \setlength{\headheight}{15.59995pt}.
(fancyhdr)                You might also make \topmargin smaller:
(fancyhdr)                \addtolength{\topmargin}{-5.59995pt}.

[62]
File: Hinhve/12_pibt_to_epibt_path.drawio.png Graphic file (type bmp)
<Hinhve/12_pibt_to_epibt_path.drawio.png>


Package fancyhdr Warning: \headheight is too small (10.0pt): 
(fancyhdr)                Make it at least 15.59995pt, for example:
(fancyhdr)                \setlength{\headheight}{15.59995pt}.
(fancyhdr)                You might also make \topmargin smaller:
(fancyhdr)                \addtolength{\topmargin}{-5.59995pt}.

[63]

Package fancyhdr Warning: \headheight is too small (10.0pt): 
(fancyhdr)                Make it at least 15.59995pt, for example:
(fancyhdr)                \setlength{\headheight}{15.59995pt}.
(fancyhdr)                You might also make \topmargin smaller:
(fancyhdr)                \addtolength{\topmargin}{-5.59995pt}.

[64]

Package fancyhdr Warning: \headheight is too small (10.0pt): 
(fancyhdr)                Make it at least 15.59995pt, for example:
(fancyhdr)                \setlength{\headheight}{15.59995pt}.
(fancyhdr)                You might also make \topmargin smaller:
(fancyhdr)                \addtolength{\topmargin}{-5.59995pt}.

[65])

Package fancyhdr Warning: \headheight is too small (10.0pt): 
(fancyhdr)                Make it at least 15.59995pt, for example:
(fancyhdr)                \setlength{\headheight}{15.59995pt}.
(fancyhdr)                You might also make \topmargin smaller:
(fancyhdr)                \addtolength{\topmargin}{-5.59995pt}.

[66]
CHƯƠNG 6.
(Chuong/6_Ket_luan.tex [67

])

Package fancyhdr Warning: \headheight is too small (10.0pt): 
(fancyhdr)                Make it at least 15.59995pt, for example:
(fancyhdr)                \setlength{\headheight}{15.59995pt}.
(fancyhdr)                You might also make \topmargin smaller:
(fancyhdr)                \addtolength{\topmargin}{-5.59995pt}.

[68] [69

] [70

]
PHỤ LỤC A.
(Chuong/Phu_luc_A.tex [71

])

Package fancyhdr Warning: \headheight is too small (10.0pt): 
(fancyhdr)                Make it at least 15.59995pt, for example:
(fancyhdr)                \setlength{\headheight}{15.59995pt}.
(fancyhdr)                You might also make \topmargin smaller:
(fancyhdr)                \addtolength{\topmargin}{-5.59995pt}.

[72]
PHỤ LỤC B.
(Chuong/Phu_luc_B.tex
File: Hinhve/uc_groupE_deploy.png Graphic file (type bmp)
<Hinhve/uc_groupE_deploy.png>
File: Hinhve/uc_E1.png Graphic file (type bmp)
<Hinhve/uc_E1.png>
 [73

]
File: Hinhve/uc_E2.png Graphic file (type bmp)
<Hinhve/uc_E2.png>


Package fancyhdr Warning: \headheight is too small (10.0pt): 
(fancyhdr)                Make it at least 15.59995pt, for example:
(fancyhdr)                \setlength{\headheight}{15.59995pt}.
(fancyhdr)                You might also make \topmargin smaller:
(fancyhdr)                \addtolength{\topmargin}{-5.59995pt}.

[74])

Package fancyhdr Warning: \headheight is too small (10.0pt): 
(fancyhdr)                Make it at least 15.59995pt, for example:
(fancyhdr)                \setlength{\headheight}{15.59995pt}.
(fancyhdr)                You might also make \topmargin smaller:
(fancyhdr)                \addtolength{\topmargin}{-5.59995pt}.

[75] (DoAn.aux)
 ***********
LaTeX2e <2025-11-01>
L3 programming layer <2025-12-24>
 ***********


LaTeX Font Warning: Size substitutions with differences
(Font)              up to 1.0pt have occurred.


LaTeX Warning: There were undefined references.

Package rerunfilecheck Info: File `DoAn.out' has not changed.
(rerunfilecheck)             Checksum: B2B61FBE17E888CAEB4F0FC7834002E4;17194.

Package biblatex Warning: Please (re)run BibTeX on the file(s):
(biblatex)                DoAn
(biblatex)                and rerun LaTeX afterwards.

Package logreq Info: Writing requests to 'DoAn.run.xml'.
\openout1 = `DoAn.run.xml'.

 ) 
Here is how much of TeX's memory you used:
 35192 strings out of 402987
 708973 string characters out of 5448317
 1674141 words of memory out of 5000000
 63388 multiletter control sequences out of 15000+600000
 639307 words of font info for 125 fonts, out of 8000000 for 9000
 1348 hyphenation exceptions out of 8191
 108i,14n,107p,2507b,5071s stack positions out of 10000i,1000n,20000p,200000b,200000s

Output written on DoAn.pdf (88 pages).
